exit: 4
--- stdout ---
--- stderr ---
Launching flow 550e8400-e29b-41d4-a716-4466554400a6 (ephemeral)...
✗ Flow 550e8400-e29b-41d4-a716-4466554400a6: error
  Error: launch flow: Post "http://127.0.0.1:PORT/flows/550e8400-e29b-41d4-a716-4466554400a6/launch": context deadline exceeded
exit code 4
--- launches ---
POST /flows/550e8400-e29b-41d4-a716-4466554400a6/launch idempotency-key="" {"ephemeral_job_version":1,"runner_type":"ephemeral"}
--- step summary ---
