exit: 3
--- stdout ---
{
  "execution_id": "",
  "flow_id": "",
  "status": "error",
  "success": false,
  "exit_code": 3,
  "duration_ms": 0,
  "error_message": "provide at least one flow ID, or use --tag to select flows by tag",
  "nodes": null
}
--- stderr ---
error: provide at least one flow ID, or use --tag to select flows by tag
exit code 3
--- launches ---

--- step summary ---
