exit: 0
--- stdout ---
{
  "execution_id": "550e8400-e29b-41d4-a716-446655440002",
  "flow_id": "550e8400-e29b-41d4-a716-446655440001",
  "flow_url": "https://app.echopoint.dev/flows/550e8400-e29b-41d4-a716-446655440001",
  "status": "completed",
  "success": true,
  "exit_code": 0,
  "duration_ms": 0,
  "error_message": null,
  "nodes": [
    {
      "node_id": "wait",
      "display_name": "",
      "node_type": "delay",
      "status": "completed",
      "duration_ms": null,
      "error_message": null
    }
  ]
}
--- stderr ---
✓ Flow 550e8400-e29b-41d4-a716-446655440001: completed (Nms)
--- launches ---
POST /flows/550e8400-e29b-41d4-a716-446655440001/launch idempotency-key="" {"ephemeral_job_version":1,"runner_type":"ephemeral"}
--- step summary ---
